|------------|-----------|---------------------------|----------------------------|
|       Time | Signal    | New value                 | Direction / Check          |
|------------|-----------|---------------------------|----------------------------|
|     115 ns | QREQn     | 0                         | Controller -> Device       |
|     115 ns | STATE     | Q_RUN -> Q_REQUEST        | OK                         |
|     155 ns | QACCEPTn  | 0                         | Device -> Controller       |
|     155 ns | STATE     | Q_REQUEST -> Q_STOPPED    | OK                         |
|     165 ns | QREQn     | 1                         | Controller -> Device       |
|     165 ns | STATE     | Q_STOPPED -> Q_EXIT       | OK                         |
|     175 ns | QACCEPTn  | 1                         | Device -> Controller       |
|     175 ns | STATE     | Q_EXIT -> Q_RUN           | OK                         |
|     185 ns | QACTIVE   | 1                         | Device -> Controller       |
|     225 ns | QREQn     | 0                         | Controller -> Device       |
|     225 ns | STATE     | Q_RUN -> Q_REQUEST        | OK                         |
|     265 ns | QACCEPTn  | 0                         | Device -> Controller       |
|     265 ns | STATE     | Q_REQUEST -> Q_STOPPED    | OK                         |
|     305 ns | QREQn     | 1                         | Controller -> Device       |
|     305 ns | QACTIVE   | 0                         | Device -> Controller       |
|     305 ns | STATE     | Q_STOPPED -> Q_EXIT       | OK                         |
|     315 ns | QACCEPTn  | 1                         | Device -> Controller       |
|     315 ns | STATE     | Q_EXIT -> Q_RUN           | OK                         |
|     335 ns | QREQn     | 0                         | Controller -> Device       |
|     335 ns | STATE     | Q_RUN -> Q_REQUEST        | OK                         |
|     365 ns | QDENY     | 1                         | Device -> Controller       |
|     365 ns | STATE     | Q_REQUEST -> Q_DENIED     | OK                         |
|     415 ns | QREQn     | 1                         | Controller -> Device       |
|     415 ns | STATE     | Q_DENIED -> Q_CONTINUE    | OK                         |
|     425 ns | QDENY     | 0                         | Device -> Controller       |
|     425 ns | STATE     | Q_CONTINUE -> Q_RUN       | OK                         |
|     465 ns | QREQn     | 0                         | Controller -> Device       |
|     465 ns | STATE     | Q_RUN -> Q_REQUEST        | OK                         |
|     485 ns | QACCEPTn  | 0                         | Device -> Controller       |
|     485 ns | STATE     | Q_REQUEST -> Q_STOPPED    | OK                         |
|     495 ns | QREQn     | 1                         | Controller -> Device       |
|     495 ns | QACTIVE   | 1                         | Device -> Controller       |
|     495 ns | STATE     | Q_STOPPED -> Q_EXIT       | OK                         |
|     505 ns | QACCEPTn  | 1                         | Device -> Controller       |
|     505 ns | STATE     | Q_EXIT -> Q_RUN           | OK                         |
|------------|-----------|---------------------------|----------------------------|
