|------------|-----------|---------------------------|----------------------------|
|       Time | Signal    | New value                 | Direction / Check          |
|------------|-----------|---------------------------|----------------------------|
|      55 ns | QACTIVE   | 1                         | Device -> Controller       |
|      65 ns | QACTIVE   | 0                         | Device -> Controller       |
|     105 ns | QREQn     | 0                         | Controller -> Device       |
|     105 ns | STATE     | Q_RUN -> Q_REQUEST        | OK                         |
|     115 ns | QACTIVE   | 1                         | Device -> Controller       |
|     125 ns | QACCEPTn  | 0                         | Device -> Controller       |
|     125 ns | STATE     | Q_REQUEST -> Q_STOPPED    | OK                         |
|     135 ns | QACTIVE   | 0                         | Device -> Controller       |
|     175 ns | QREQn     | 1                         | Controller -> Device       |
|     175 ns | STATE     | Q_STOPPED -> Q_EXIT       | OK                         |
|     185 ns | QACCEPTn  | 1                         | Device -> Controller       |
|     185 ns | STATE     | Q_EXIT -> Q_RUN           | OK                         |
|     225 ns | QACTIVE   | 1                         | Device -> Controller       |
|     245 ns | QREQn     | 0                         | Controller -> Device       |
|     245 ns | QACTIVE   | 0                         | Device -> Controller       |
|     245 ns | STATE     | Q_RUN -> Q_REQUEST        | OK                         |
|     255 ns | QACTIVE   | 1                         | Device -> Controller       |
|     275 ns | QACCEPTn  | 0                         | Device -> Controller       |
|     275 ns | STATE     | Q_REQUEST -> Q_STOPPED    | OK                         |
|     285 ns | QACTIVE   | 0                         | Device -> Controller       |
|     305 ns | QACTIVE   | 1                         | Device -> Controller       |
|     315 ns | QREQn     | 1                         | Controller -> Device       |
|     315 ns | STATE     | Q_STOPPED -> Q_EXIT       | OK                         |
|     325 ns | QACCEPTn  | 1                         | Device -> Controller       |
|     325 ns | STATE     | Q_EXIT -> Q_RUN           | OK                         |
|     345 ns | QACTIVE   | 0                         | Device -> Controller       |
|     405 ns | QREQn     | 0                         | Controller -> Device       |
|     405 ns | STATE     | Q_RUN -> Q_REQUEST        | OK                         |
|     415 ns | QACCEPTn  | 0                         | Device -> Controller       |
|     415 ns | QDENY     | 1                         | Device -> Controller       |
|     415 ns | STATE     | Q_REQUEST -> Q_ILLEGAL    | *** ILLEGAL TRANSITION *** |
|     425 ns | QACTIVE   | 1                         | Device -> Controller       |
|     445 ns | QACTIVE   | 0                         | Device -> Controller       |
|     465 ns | QREQn     | 1                         | Controller -> Device       |
|     475 ns | QACCEPTn  | 1                         | Device -> Controller       |
|     475 ns | STATE     | Q_ILLEGAL -> Q_CONTINUE   | *** ILLEGAL TRANSITION *** |
|     485 ns | QDENY     | 0                         | Device -> Controller       |
|     485 ns | STATE     | Q_CONTINUE -> Q_RUN       | OK                         |
|     495 ns | QACTIVE   | 1                         | Device -> Controller       |
|     535 ns | QREQn     | 0                         | Controller -> Device       |
|     535 ns | STATE     | Q_RUN -> Q_REQUEST        | OK                         |
|     555 ns | QDENY     | 1                         | Device -> Controller       |
|     555 ns | STATE     | Q_REQUEST -> Q_DENIED     | OK                         |
|     595 ns | QREQn     | 1                         | Controller -> Device       |
|     595 ns | QACTIVE   | 0                         | Device -> Controller       |
|     595 ns | STATE     | Q_DENIED -> Q_CONTINUE    | OK                         |
|     605 ns | QDENY     | 0                         | Device -> Controller       |
|     605 ns | STATE     | Q_CONTINUE -> Q_RUN       | OK                         |
|     685 ns | QREQn     | 0                         | Controller -> Device       |
|     685 ns | STATE     | Q_RUN -> Q_REQUEST        | OK                         |
|     705 ns | QACCEPTn  | 0                         | Device -> Controller       |
|     705 ns | STATE     | Q_REQUEST -> Q_STOPPED    | OK                         |
|     755 ns | QREQn     | 1                         | Controller -> Device       |
|     755 ns | STATE     | Q_STOPPED -> Q_EXIT       | OK                         |
|     765 ns | QACCEPTn  | 1                         | Device -> Controller       |
|     765 ns | STATE     | Q_EXIT -> Q_RUN           | OK                         |
|     795 ns | QREQn     | 0                         | Controller -> Device       |
|     795 ns | STATE     | Q_RUN -> Q_REQUEST        | OK                         |
|     835 ns | QDENY     | 1                         | Device -> Controller       |
|     835 ns | STATE     | Q_REQUEST -> Q_DENIED     | OK                         |
|     845 ns | QREQn     | 1                         | Controller -> Device       |
|     845 ns | STATE     | Q_DENIED -> Q_CONTINUE    | OK                         |
|     855 ns | QDENY     | 0                         | Device -> Controller       |
|     855 ns | STATE     | Q_CONTINUE -> Q_RUN       | OK                         |
|     885 ns | QACTIVE   | 1                         | Device -> Controller       |
|------------|-----------|---------------------------|----------------------------|
